C:\projects\Project\Logical\Global.typ
C:\projects\Project\Logical\Global.var
C:\projects\Project\Logical\Libraries\FileIO\FileIO.fun
C:\projects\Project\Logical\Libraries\FileIO\FileIO.typ
C:\projects\Project\Logical\Libraries\FileIO\FileIO.var
C:\projects\Project\Logical\Libraries\runtime\runtime.fun
C:\projects\Project\Logical\Libraries\runtime\runtime.typ
C:\projects\Project\Logical\Libraries\runtime\runtime.var
C:\projects\Project\Logical\Libraries\sys_lib\sys_lib.fun
C:\projects\Project\Logical\Libraries\sys_lib\sys_lib.typ
C:\projects\Project\Logical\Libraries\sys_lib\sys_lib.var
C:\projects\Project\Logical\Libraries\AsBrStr\AsBrStr.fun
C:\projects\Project\Logical\Libraries\AsBrStr\AsBrStr.typ
C:\projects\Project\Logical\Libraries\AsBrStr\AsBrStr.var
C:\projects\Project\Logical\Libraries\AsIOVib\AsIOVib.fun
C:\projects\Project\Logical\Libraries\AsIOVib\AsIOVib.typ
C:\projects\Project\Logical\Libraries\AsIOVib\AsIOVib.var
C:\projects\Project\Logical\Libraries\AsFltGen\AsFltGen.fun
C:\projects\Project\Logical\Libraries\AsFltGen\AsFltGen.typ
C:\projects\Project\Logical\Libraries\AsFltGen\AsFltGen.var
C:\projects\Project\Logical\Libraries\brsystem\brsystem.fun
C:\projects\Project\Logical\Libraries\brsystem\brsystem.typ
C:\projects\Project\Logical\Libraries\brsystem\brsystem.var
C:\projects\Project\Logical\Libraries\AsIOAcc\AsIOAcc.fun
C:\projects\Project\Logical\Libraries\AsIOAcc\AsIOAcc.typ
C:\projects\Project\Logical\Libraries\AsIOAcc\AsIOAcc.var
